[     237ms] [INFO] %cDownload the React DevTools for a better development experience: https://react.dev/link/react-devtools font-weight:bold @ http://localhost:5273/node_modules/.vite/deps/react-dom_client.js?v=efaaef33:14335
[     421ms] [VERBOSE] [DOM] Password forms should have (optionally hidden) username fields for accessibility: (More info: https://goo.gl/9p2vKq) %o @ http://localhost:5273/games/1:0
[ 2350592ms] Error: useAuth must be used inside <AuthProvider>
    at useAuth (http://localhost:5273/src/lib/auth/AuthProvider.tsx:102:20)
    at Gate (http://localhost:5273/src/app/AuthGate.tsx:18:21)
    at Object.react_stack_bottom_frame (http://localhost:5273/node_modules/.vite/deps/react-dom_client.js?v=efaaef33:12866:12)
    at renderWithHooks (http://localhost:5273/node_modules/.vite/deps/react-dom_client.js?v=efaaef33:4213:19)
    at updateFunctionComponent (http://localhost:5273/node_modules/.vite/deps/react-dom_client.js?v=efaaef33:5569:16)
    at beginWork (http://localhost:5273/node_modules/.vite/deps/react-dom_client.js?v=efaaef33:6140:20)
    at runWithFiberInDEV (http://localhost:5273/node_modules/.vite/deps/react-dom_client.js?v=efaaef33:851:66)
    at performUnitOfWork (http://localhost:5273/node_modules/.vite/deps/react-dom_client.js?v=efaaef33:8429:92)
    at workLoopSync (http://localhost:5273/node_modules/.vite/deps/react-dom_client.js?v=efaaef33:8325:37)
    at renderRootSync (http://localhost:5273/node_modules/.vite/deps/react-dom_client.js?v=efaaef33:8309:6)
[ 2350586ms] [WARNING] %s

%s
 An error occurred in the <Gate> component. Consider adding an error boundary to your tree to customize error handling behavior.
Visit https://react.dev/link/error-boundaries to learn more about error boundaries. @ http://localhost:5273/node_modules/.vite/deps/react-dom_client.js?v=efaaef33:5257
[ 2350635ms] Error: useAuth must be used inside <AuthProvider>
    at useAuth (http://localhost:5273/src/lib/auth/AuthProvider.tsx?t=1788151932728:102:20)
    at Gate (http://localhost:5273/src/app/AuthGate.tsx?t=1788151932728:18:21)
    at Object.react_stack_bottom_frame (http://localhost:5273/node_modules/.vite/deps/react-dom_client.js?v=efaaef33:12866:12)
    at renderWithHooks (http://localhost:5273/node_modules/.vite/deps/react-dom_client.js?v=efaaef33:4213:19)
    at updateFunctionComponent (http://localhost:5273/node_modules/.vite/deps/react-dom_client.js?v=efaaef33:5569:16)
    at beginWork (http://localhost:5273/node_modules/.vite/deps/react-dom_client.js?v=efaaef33:6140:20)
    at runWithFiberInDEV (http://localhost:5273/node_modules/.vite/deps/react-dom_client.js?v=efaaef33:851:66)
    at performUnitOfWork (http://localhost:5273/node_modules/.vite/deps/react-dom_client.js?v=efaaef33:8429:92)
    at workLoopSync (http://localhost:5273/node_modules/.vite/deps/react-dom_client.js?v=efaaef33:8325:37)
    at renderRootSync (http://localhost:5273/node_modules/.vite/deps/react-dom_client.js?v=efaaef33:8309:6)
[ 2350634ms] [WARNING] %s

%s
 An error occurred in the <Gate> component. Consider adding an error boundary to your tree to customize error handling behavior.
Visit https://react.dev/link/error-boundaries to learn more about error boundaries. @ http://localhost:5273/node_modules/.vite/deps/react-dom_client.js?v=efaaef33:5257
[ 2364315ms] [VERBOSE] [DOM] Password forms should have (optionally hidden) username fields for accessibility: (More info: https://goo.gl/9p2vKq) %o @ http://localhost:5273/games/1:0
[ 2450288ms] [LOG] [vite] server connection lost. Polling for restart... @ http://localhost:5273/@vite/client:1002
[ 2455666ms] [INFO] %cDownload the React DevTools for a better development experience: https://react.dev/link/react-devtools font-weight:bold @ http://localhost:5273/node_modules/.vite/deps/react-dom_client.js?v=fb2f015d:14335
[ 2455712ms] [ERROR] Failed to load resource: the server responded with a status of 502 (Bad Gateway) @ http://localhost:5273/api/auth/status:0
[ 2456742ms] [VERBOSE] [DOM] Password forms should have (optionally hidden) username fields for accessibility: (More info: https://goo.gl/9p2vKq) %o @ http://localhost:5273/games/1:0
